// Jest Snapshot v1, https://goo.gl/fbAQLP

exports[`NoContent Component renders correctly 1`] = `
<div
  className="no-content"
>
  <i
    className="material-icons"
  >
    info
  </i>
  <h3
    className="no-content-info"
  >
    404! Not Found
  </h3>
</div>
`;
